validate: mosaic 15895x22130 vs i2d 8582x14339, 352 tiles of 1024px
  scratch 1.41 GB, free disk 255.0 GB
  tile   20/352    0.2 min   1.60 tile/s  overlap 2,349,684
  tile   40/352    0.4 min   1.53 tile/s  overlap 9,271,494
  tile   60/352    0.7 min   1.49 tile/s  overlap 17,827,277
  tile   80/352    0.9 min   1.50 tile/s  overlap 24,824,305
  tile  100/352    1.1 min   1.50 tile/s  overlap 31,833,574
  tile  120/352    1.3 min   1.49 tile/s  overlap 38,880,281
  tile  140/352    1.6 min   1.49 tile/s  overlap 45,937,616
  tile  160/352    1.8 min   1.48 tile/s  overlap 53,650,737
  tile  180/352    2.0 min   1.47 tile/s  overlap 62,547,250
  tile  200/352    2.3 min   1.46 tile/s  overlap 71,459,893
  tile  220/352    2.5 min   1.45 tile/s  overlap 80,372,066
  tile  240/352    2.8 min   1.45 tile/s  overlap 89,244,264
  tile  260/352    3.0 min   1.44 tile/s  overlap 98,102,541
  tile  280/352    3.2 min   1.44 tile/s  overlap 106,941,565
  tile  300/352    3.5 min   1.44 tile/s  overlap 115,297,927
  tile  320/352    3.7 min   1.45 tile/s  overlap 118,307,056
  tile  340/352    3.8 min   1.49 tile/s  overlap 119,762,712
  tile  352/352    3.9 min   1.52 tile/s  overlap 120,284,566

Stage 4 validation: mosaic vs official combined i2d
  mosaic            : out\f090w_all_detectors_mosaic.fits
  official          : C:\data\jwst_i2d\mastDownload\JWST\jw02731-o001_t017_nircam_clear-f090w\jw02731-o001_t017_nircam_clear-f090w_i2d.fits
  grid shape        : 15895 x 22130
  i2d native shape  : 8582 x 14339
  tiles             : 352
  overlap pixels    : 120,284,566 (34.2% of mosaic, 97.7% of i2d)

background
  median mosaic     : 1.7784 MJy/sr
  median official   : 1.7524 MJy/sr
  median difference : 0.0286 MJy/sr

residual noise (whole overlap)
  MAD               : 0.0506 MJy/sr
  RMS               : 8.3447 MJy/sr
  mean              : 0.0260 MJy/sr
  1st / 99th pct    : -0.1442 / 0.1798

residual noise (source-free pixels, 3-sigma per tile)
  clean pixels      : 114,353,674 (95.1%)
  median            : 0.0287 MJy/sr
  MAD               : 0.0492 MJy/sr
  RMS               : 0.0609 MJy/sr

star position offsets
  stars mine / i2d  : 6000 / 6000
  matched           : 5428
  median dx, dy     : -0.0195 px , 0.0049 px
  median |offset|   : 0.1384 px
  offset MAD        : 0.1170 px
  offset 16-84 pct  : 0.0610 / 0.6520
  rms dx, dy        : 0.3868 px , 0.5100 px
  within 0.5 px     : 78.5%

  diff values used  : 120,284,566 (exact)
  wall time         : 4.0 min
  peak RSS          : 5.40 GB
  scratch (peak)    : 1.41 GB
