detecting stars in the official i2d ...
  8000 stars cached to i2d_stars_F187N.pkl
i2d shape 8583 x 14340

per (visit x detector) raw frame WCS vs official i2d, in i2d px:
  visit detector  n_match    dx_med    dy_med   |offset|    scatter
   v1   nrca1     304   +0.0148  -0.0193   0.0677    0.0417
   v1   nrca2     604   +0.0202  -0.0140   0.0780    0.0524
   v1   nrca3     309   -0.0042  +0.0026   0.0533    0.0365
   v1   nrca4     326   +0.0025  -0.0042   0.0550    0.0399
   v1   nrcb1     485   -0.0019  +0.0210   0.0603    0.0391
   v1   nrcb2     150   -0.0203  +0.0094   0.0566    0.0363
   v1   nrcb3     383   -0.0039  +0.0285   0.0690    0.0375
   v1   nrcb4     264   +0.0068  +0.0187   0.0553    0.0305
   v2   nrca1     157   -0.3184  +0.5677   0.6582    0.0580
   v2   nrca2     150   -0.3225  +0.5674   0.6527    0.0554
   v2   nrca3     164   -0.3378  +0.6067   0.7045    0.0581
   v2   nrca4     205   -0.3474  +0.5835   0.6781    0.0570
   v2   nrcb1     109   -0.4058  +0.5687   0.6987    0.0515
   v2   nrcb2     346   -0.3986  +0.5630   0.6957    0.0669
   v2   nrcb3     139   -0.3504  +0.5648   0.6660    0.0612
   v2   nrcb4     202   -0.3468  +0.5859   0.6840    0.0534
   v3   nrca1     297   -0.4740  +0.5957   0.7725    0.0572
   v3   nrca2     223   -0.4771  +0.6036   0.7763    0.0586
   v3   nrca3     161   -0.5497  +0.6081   0.8243    0.0517
   v3   nrca4     188   -0.5694  +0.6112   0.8352    0.0679
   v3   nrcb1     153   -0.5505  +0.5589   0.7831    0.0736
   v3   nrcb2     171   -0.5443  +0.5786   0.7991    0.0493
   v3   nrcb3     189   -0.5105  +0.6161   0.8148    0.0540
   v3   nrcb4     165   -0.4844  +0.6349   0.8124    0.0502
   v4   nrca1     269   -0.5953  +0.7109   0.9367    0.0541
   v4   nrca2     267   -0.6099  +0.7126   0.9323    0.0533
   v4   nrca3     313   -0.6424  +0.7299   0.9773    0.0509
   v4   nrca4     472   -0.6570  +0.7376   0.9919    0.0617
   v4   nrcb1     375   -0.6377  +0.7067   0.9508    0.0555
   v4   nrcb2     293   -0.6488  +0.7196   0.9709    0.0531
   v4   nrcb3     359   -0.6293  +0.7367   0.9775    0.0538
   v4   nrcb4     372   -0.5999  +0.7332   0.9522    0.0514

per-visit summary across the 8 detectors (median of medians):
  visit   dx_med   dy_med  |offset|   spread(max-min)  n_det
   v1   +0.0003  +0.0060   0.0060      0.0247        8   (internal 0.0199)
   v2   -0.3471  +0.5682   0.6658      0.0518        8   (internal 0.0348)
   v3   -0.5274  +0.6059   0.8033      0.0627        8   (internal 0.0428)
   v4   -0.6335  +0.7248   0.9626      0.0596        8   (internal 0.0254)

anchor by per-visit median: visit 1 (0.0060 px)
wrote out\f187n_step2_detectors.json (32 groups)
visit stats: {
  "1": {
    "dx_median": 0.00027314804106026713,
    "dy_median": 0.006010980749579176,
    "offset_median": 0.006017183678777513,
    "spread": 0.024711147271704516,
    "n_det": 8,
    "internal_rms": 0.01994712197853194
  },
  "2": {
    "dx_median": -0.3470576479076044,
    "dy_median": 0.5681976140557481,
    "offset_median": 0.6658059323780493,
    "spread": 0.05182100162252046,
    "n_det": 8,
    "internal_rms": 0.03480899821348496
  },
  "3": {
    "dx_median": -0.5273869714155808,
    "dy_median": 0.6058819893852387,
    "offset_median": 0.8032621008614268,
    "spread": 0.06267974782153796,
    "n_det": 8,
    "internal_rms": 0.04278149153463646
  },
  "4": {
    "dx_median": -0.6334901683230783,
    "dy_median": 0.7247830977007652,
    "offset_median": 0.9626112050431986,
    "spread": 0.059641921214571014,
    "n_det": 8,
    "internal_rms": 0.025352362301610618
  }
}
