validate: mosaic 15895x22130 vs i2d 8583x14340, 352 tiles of 1024px
  scratch 1.41 GB, free disk 229.4 GB
  tile   20/352    0.2 min   1.47 tile/s  overlap 2,349,965
  tile   40/352    0.5 min   1.43 tile/s  overlap 9,271,963
  tile   60/352    0.7 min   1.42 tile/s  overlap 17,828,049
  tile   80/352    0.9 min   1.43 tile/s  overlap 24,824,853
  tile  100/352    1.2 min   1.44 tile/s  overlap 31,833,948
  tile  120/352    1.4 min   1.44 tile/s  overlap 38,880,757
  tile  140/352    1.6 min   1.44 tile/s  overlap 45,937,952
  tile  160/352    1.9 min   1.44 tile/s  overlap 53,650,984
  tile  180/352    2.1 min   1.43 tile/s  overlap 62,547,852
  tile  200/352    2.4 min   1.42 tile/s  overlap 71,460,846
  tile  220/352    2.6 min   1.41 tile/s  overlap 80,372,776
  tile  240/352    2.8 min   1.40 tile/s  overlap 89,245,071
  tile  260/352    3.1 min   1.40 tile/s  overlap 98,103,350
  tile  280/352    3.3 min   1.40 tile/s  overlap 106,942,424
  tile  300/352    3.6 min   1.40 tile/s  overlap 115,298,562
  tile  320/352    3.8 min   1.41 tile/s  overlap 118,304,534
  tile  340/352    3.9 min   1.44 tile/s  overlap 119,760,017
  tile  352/352    4.0 min   1.47 tile/s  overlap 120,281,685

Stage 4 validation: mosaic vs official combined i2d
  mosaic            : out\f187n_all_detectors_mosaic.fits
  official          : C:\data\jwst_i2d\mastDownload\JWST\jw02731-o001_t017_nircam_clear-f187n\jw02731-o001_t017_nircam_clear-f187n_i2d.fits
  grid shape        : 15895 x 22130
  i2d native shape  : 8583 x 14340
  tiles             : 352
  overlap pixels    : 120,281,685 (34.2% of mosaic, 97.7% of i2d)

background
  median mosaic     : 15.6488 MJy/sr
  median official   : 14.9593 MJy/sr
  median difference : 0.7185 MJy/sr

residual noise (whole overlap)
  MAD               : 0.3494 MJy/sr
  RMS               : 32.2285 MJy/sr
  mean              : 0.6895 MJy/sr
  1st / 99th pct    : -0.4151 / 1.7418

residual noise (source-free pixels, 3-sigma per tile)
  clean pixels      : 116,577,738 (96.9%)
  median            : 0.7187 MJy/sr
  MAD               : 0.3438 MJy/sr
  RMS               : 0.8104 MJy/sr

star position offsets
  stars mine / i2d  : 6000 / 6000
  matched           : 5908
  median dx, dy     : -0.0070 px , 0.0215 px
  median |offset|   : 0.0647 px
  offset MAD        : 0.0378 px
  offset 16-84 pct  : 0.0317 / 0.1100
  rms dx, dy        : 0.1546 px , 0.2510 px
  within 0.5 px     : 99.3%

  diff values used  : 120,281,685 (exact)
  wall time         : 4.1 min
  peak RSS          : 5.41 GB
  scratch (peak)    : 1.41 GB
