
Stage-2 download plan (F187N):
F187N cal files (all)                         160 planned    51 on disk/verified   109 to download   12.82 GB
F187N combined i2d mosaic                       1 planned     0 on disk/verified     1 to download    5.42 GB

  total to download : 110 files, 18.23 GB
  est. mosaic scratch: 10.2 GB peak (Stage 4)

Disk (C:\data\jwst_cal\mastDownload\JWST): 258.8 GB free >= 20.1 GB needed

cal files -> C:\data\jwst_cal\mastDownload\JWST
jw02731001002_02101_00002_nrca3_cal.fits         117.6 MB  ok
jw02731001002_02101_00003_nrca3_cal.fits         117.6 MB  ok
jw02731001002_02101_00004_nrca3_cal.fits         117.6 MB  ok
jw02731001002_02101_00005_nrca3_cal.fits         117.6 MB  ok
jw02731001002_02101_00001_nrca4_cal.fits         117.6 MB  ok
jw02731001002_02101_00002_nrca4_cal.fits         117.6 MB  ok
jw02731001002_02101_00003_nrca4_cal.fits         117.6 MB  ok
jw02731001002_02101_00004_nrca4_cal.fits         117.6 MB  ok
jw02731001002_02101_00005_nrca4_cal.fits         117.6 MB  ok
jw02731001002_02101_00001_nrcb1_cal.fits         117.6 MB  ok
jw02731001002_02101_00002_nrcb1_cal.fits         117.6 MB  ok
jw02731001002_02101_00003_nrcb1_cal.fits         117.6 MB  ok
jw02731001002_02101_00004_nrcb1_cal.fits         117.6 MB  ok
jw02731001002_02101_00005_nrcb1_cal.fits         117.6 MB  ok
jw02731001002_02101_00001_nrcb2_cal.fits         117.6 MB  ok
jw02731001002_02101_00002_nrcb2_cal.fits         117.6 MB  ok
jw02731001002_02101_00003_nrcb2_cal.fits         117.6 MB  ok
jw02731001002_02101_00004_nrcb2_cal.fits         117.6 MB  ok
jw02731001002_02101_00005_nrcb2_cal.fits         117.6 MB  ok
jw02731001002_02101_00001_nrcb3_cal.fits         117.6 MB  ok
jw02731001002_02101_00002_nrcb3_cal.fits         117.6 MB  ok
jw02731001002_02101_00003_nrcb3_cal.fits         117.6 MB  error:The read operation timed out
jw02731001002_02101_00004_nrcb3_cal.fits         117.6 MB  error:<urlopen error [Errno 11001] getaddrinfo failed>
jw02731001002_02101_00005_nrcb3_cal.fits         117.6 MB  error:<urlopen error [Errno 11001] getaddrinfo failed>
jw02731001002_02101_00001_nrcb4_cal.fits         117.6 MB  error:<urlopen error [Errno 11001] getaddrinfo failed>
jw02731001002_02101_00002_nrcb4_cal.fits         117.6 MB  error:<urlopen error [Errno 11001] getaddrinfo failed>
jw02731001002_02101_00003_nrcb4_cal.fits         117.6 MB  error:<urlopen error [Errno 11001] getaddrinfo failed>
jw02731001002_02101_00004_nrcb4_cal.fits         117.6 MB  error:<urlopen error [Errno 11001] getaddrinfo failed>
jw02731001002_02101_00005_nrcb4_cal.fits         117.6 MB  error:<urlopen error [Errno 11001] getaddrinfo failed>
jw02731001003_02101_00001_nrca1_cal.fits         117.6 MB  error:<urlopen error [Errno 11001] getaddrinfo failed>
jw02731001003_02101_00002_nrca1_cal.fits         117.6 MB  error:<urlopen error [Errno 11001] getaddrinfo failed>
jw02731001003_02101_00003_nrca1_cal.fits         117.6 MB  error:<urlopen error [Errno 11001] getaddrinfo failed>
jw02731001003_02101_00004_nrca1_cal.fits         117.6 MB  error:<urlopen error [Errno 11001] getaddrinfo failed>
jw02731001003_02101_00005_nrca1_cal.fits         117.6 MB  error:<urlopen error [Errno 11001] getaddrinfo failed>
jw02731001003_02101_00001_nrca2_cal.fits         117.6 MB  error:<urlopen error [Errno 11001] getaddrinfo failed>
jw02731001003_02101_00002_nrca2_cal.fits         117.6 MB  error:<urlopen error [Errno 11001] getaddrinfo failed>
jw02731001003_02101_00003_nrca2_cal.fits         117.6 MB  error:<urlopen error [Errno 11001] getaddrinfo failed>
jw02731001003_02101_00004_nrca2_cal.fits         117.6 MB  error:<urlopen error [Errno 11001] getaddrinfo failed>
jw02731001003_02101_00005_nrca2_cal.fits         117.6 MB  error:<urlopen error [Errno 11001] getaddrinfo failed>
jw02731001003_02101_00001_nrca3_cal.fits         117.6 MB  error:<urlopen error [Errno 11001] getaddrinfo failed>
jw02731001003_02101_00002_nrca3_cal.fits         117.6 MB  error:<urlopen error [Errno 11001] getaddrinfo failed>
jw02731001003_02101_00003_nrca3_cal.fits         117.6 MB  error:<urlopen error [Errno 11001] getaddrinfo failed>
jw02731001003_02101_00004_nrca3_cal.fits         117.6 MB  error:<urlopen error [Errno 11001] getaddrinfo failed>
jw02731001003_02101_00005_nrca3_cal.fits         117.6 MB  error:<urlopen error [Errno 11001] getaddrinfo failed>
jw02731001003_02101_00001_nrca4_cal.fits         117.6 MB  error:<urlopen error [Errno 11001] getaddrinfo failed>
jw02731001003_02101_00002_nrca4_cal.fits         117.6 MB  error:<urlopen error [Errno 11001] getaddrinfo failed>
jw02731001003_02101_00003_nrca4_cal.fits         117.6 MB  error:<urlopen error [Errno 11001] getaddrinfo failed>
jw02731001003_02101_00004_nrca4_cal.fits         117.6 MB  error:<urlopen error [Errno 11001] getaddrinfo failed>
jw02731001003_02101_00005_nrca4_cal.fits         117.6 MB  error:<urlopen error [Errno 11001] getaddrinfo failed>
jw02731001003_02101_00001_nrcb1_cal.fits         117.6 MB  error:<urlopen error [Errno 11001] getaddrinfo failed>
jw02731001003_02101_00002_nrcb1_cal.fits         117.6 MB  error:<urlopen error [Errno 11001] getaddrinfo failed>
jw02731001003_02101_00003_nrcb1_cal.fits         117.6 MB  error:<urlopen error [Errno 11001] getaddrinfo failed>
jw02731001003_02101_00004_nrcb1_cal.fits         117.6 MB  error:<urlopen error [Errno 11001] getaddrinfo failed>
jw02731001003_02101_00005_nrcb1_cal.fits         117.6 MB  error:<urlopen error [Errno 11001] getaddrinfo failed>
jw02731001003_02101_00001_nrcb2_cal.fits         117.6 MB  error:<urlopen error [Errno 11001] getaddrinfo failed>
jw02731001003_02101_00002_nrcb2_cal.fits         117.6 MB  error:<urlopen error [Errno 11001] getaddrinfo failed>
jw02731001003_02101_00003_nrcb2_cal.fits         117.6 MB  error:<urlopen error [Errno 11001] getaddrinfo failed>
jw02731001003_02101_00004_nrcb2_cal.fits         117.6 MB  error:<urlopen error [Errno 11001] getaddrinfo failed>
jw02731001003_02101_00005_nrcb2_cal.fits         117.6 MB  error:<urlopen error [Errno 11001] getaddrinfo failed>
jw02731001003_02101_00001_nrcb3_cal.fits         117.6 MB  error:<urlopen error [Errno 11001] getaddrinfo failed>
jw02731001003_02101_00002_nrcb3_cal.fits         117.6 MB  error:<urlopen error [Errno 11001] getaddrinfo failed>
jw02731001003_02101_00003_nrcb3_cal.fits         117.6 MB  error:<urlopen error [Errno 11001] getaddrinfo failed>
jw02731001003_02101_00004_nrcb3_cal.fits         117.6 MB  error:<urlopen error [Errno 11001] getaddrinfo failed>
jw02731001003_02101_00005_nrcb3_cal.fits         117.6 MB  error:<urlopen error [Errno 11001] getaddrinfo failed>
jw02731001003_02101_00001_nrcb4_cal.fits         117.6 MB  error:<urlopen error [Errno 11001] getaddrinfo failed>
jw02731001003_02101_00002_nrcb4_cal.fits         117.6 MB  error:<urlopen error [Errno 11001] getaddrinfo failed>
jw02731001003_02101_00003_nrcb4_cal.fits         117.6 MB  error:<urlopen error [Errno 11001] getaddrinfo failed>
jw02731001003_02101_00004_nrcb4_cal.fits         117.6 MB  error:<urlopen error [Errno 11001] getaddrinfo failed>
jw02731001003_02101_00005_nrcb4_cal.fits         117.6 MB  error:<urlopen error [Errno 11001] getaddrinfo failed>
jw02731001004_02101_00001_nrca1_cal.fits         117.6 MB  error:<urlopen error [Errno 11001] getaddrinfo failed>
jw02731001004_02101_00002_nrca1_cal.fits         117.6 MB  error:<urlopen error [Errno 11001] getaddrinfo failed>
jw02731001004_02101_00003_nrca1_cal.fits         117.6 MB  error:<urlopen error [Errno 11001] getaddrinfo failed>
jw02731001004_02101_00004_nrca1_cal.fits         117.6 MB  error:<urlopen error [Errno 11001] getaddrinfo failed>
jw02731001004_02101_00005_nrca1_cal.fits         117.6 MB  error:<urlopen error [Errno 11001] getaddrinfo failed>
jw02731001004_02101_00001_nrca2_cal.fits         117.6 MB  error:<urlopen error [Errno 11001] getaddrinfo failed>
jw02731001004_02101_00002_nrca2_cal.fits         117.6 MB  error:<urlopen error [Errno 11001] getaddrinfo failed>
jw02731001004_02101_00003_nrca2_cal.fits         117.6 MB  error:<urlopen error [Errno 11001] getaddrinfo failed>
jw02731001004_02101_00004_nrca2_cal.fits         117.6 MB  error:<urlopen error [Errno 11001] getaddrinfo failed>
jw02731001004_02101_00005_nrca2_cal.fits         117.6 MB  error:<urlopen error [Errno 11001] getaddrinfo failed>
jw02731001004_02101_00001_nrca3_cal.fits         117.6 MB  error:<urlopen error [Errno 11001] getaddrinfo failed>
jw02731001004_02101_00002_nrca3_cal.fits         117.6 MB  error:<urlopen error [Errno 11001] getaddrinfo failed>
jw02731001004_02101_00003_nrca3_cal.fits         117.6 MB  error:<urlopen error [Errno 11001] getaddrinfo failed>
jw02731001004_02101_00004_nrca3_cal.fits         117.6 MB  error:<urlopen error [Errno 11001] getaddrinfo failed>
jw02731001004_02101_00005_nrca3_cal.fits         117.6 MB  error:<urlopen error [Errno 11001] getaddrinfo failed>
jw02731001004_02101_00001_nrca4_cal.fits         117.6 MB  error:<urlopen error [Errno 11001] getaddrinfo failed>
jw02731001004_02101_00002_nrca4_cal.fits         117.6 MB  error:<urlopen error [Errno 11001] getaddrinfo failed>
jw02731001004_02101_00003_nrca4_cal.fits         117.6 MB  error:<urlopen error [Errno 11001] getaddrinfo failed>
jw02731001004_02101_00004_nrca4_cal.fits         117.6 MB  error:<urlopen error [Errno 11001] getaddrinfo failed>
jw02731001004_02101_00005_nrca4_cal.fits         117.6 MB  error:<urlopen error [Errno 11001] getaddrinfo failed>
jw02731001004_02101_00001_nrcb1_cal.fits         117.6 MB  error:<urlopen error [Errno 11001] getaddrinfo failed>
jw02731001004_02101_00002_nrcb1_cal.fits         117.6 MB  error:<urlopen error [Errno 11001] getaddrinfo failed>
jw02731001004_02101_00003_nrcb1_cal.fits         117.6 MB  error:<urlopen error [Errno 11001] getaddrinfo failed>
jw02731001004_02101_00004_nrcb1_cal.fits         117.6 MB  error:<urlopen error [Errno 11001] getaddrinfo failed>
jw02731001004_02101_00005_nrcb1_cal.fits         117.6 MB  error:<urlopen error [Errno 11001] getaddrinfo failed>
jw02731001004_02101_00001_nrcb2_cal.fits         117.6 MB  error:<urlopen error [Errno 11001] getaddrinfo failed>
jw02731001004_02101_00002_nrcb2_cal.fits         117.6 MB  error:<urlopen error [Errno 11001] getaddrinfo failed>
jw02731001004_02101_00003_nrcb2_cal.fits         117.6 MB  error:<urlopen error [Errno 11001] getaddrinfo failed>
jw02731001004_02101_00004_nrcb2_cal.fits         117.6 MB  error:<urlopen error [Errno 11001] getaddrinfo failed>
jw02731001004_02101_00005_nrcb2_cal.fits         117.6 MB  error:<urlopen error [Errno 11001] getaddrinfo failed>
jw02731001004_02101_00001_nrcb3_cal.fits         117.6 MB  error:<urlopen error [Errno 11001] getaddrinfo failed>
jw02731001004_02101_00002_nrcb3_cal.fits         117.6 MB  error:<urlopen error [Errno 11001] getaddrinfo failed>
jw02731001004_02101_00003_nrcb3_cal.fits         117.6 MB  error:<urlopen error [Errno 11001] getaddrinfo failed>
jw02731001004_02101_00004_nrcb3_cal.fits         117.6 MB  error:<urlopen error [Errno 11001] getaddrinfo failed>
jw02731001004_02101_00005_nrcb3_cal.fits         117.6 MB  error:<urlopen error [Errno 11001] getaddrinfo failed>
jw02731001004_02101_00001_nrcb4_cal.fits         117.6 MB  error:<urlopen error [Errno 11001] getaddrinfo failed>
jw02731001004_02101_00002_nrcb4_cal.fits         117.6 MB  error:<urlopen error [Errno 11001] getaddrinfo failed>
jw02731001004_02101_00003_nrcb4_cal.fits         117.6 MB  error:<urlopen error [Errno 11001] getaddrinfo failed>
jw02731001004_02101_00004_nrcb4_cal.fits         117.6 MB  error:<urlopen error [Errno 11001] getaddrinfo failed>
jw02731001004_02101_00005_nrcb4_cal.fits         117.6 MB  error:<urlopen error [Errno 11001] getaddrinfo failed>

i2d files -> C:\data\jwst_i2d\mastDownload\JWST
jw02731-o001_t017_nircam_clear-f187n_i2d.fits   5416.5 MB  error:<urlopen error [Errno 11001] getaddrinfo failed>

Stage-2 download INCOMPLETE: 89 of 110 file(s) failed. Re-run the same command to resume.
  jw02731001002_02101_00003_nrcb3_cal.fits      error:The read operation timed out
  jw02731001002_02101_00004_nrcb3_cal.fits      error:<urlopen error [Errno 11001] getaddrinfo failed>
  jw02731001002_02101_00005_nrcb3_cal.fits      error:<urlopen error [Errno 11001] getaddrinfo failed>
  jw02731001002_02101_00001_nrcb4_cal.fits      error:<urlopen error [Errno 11001] getaddrinfo failed>
  jw02731001002_02101_00002_nrcb4_cal.fits      error:<urlopen error [Errno 11001] getaddrinfo failed>
  jw02731001002_02101_00003_nrcb4_cal.fits      error:<urlopen error [Errno 11001] getaddrinfo failed>
  jw02731001002_02101_00004_nrcb4_cal.fits      error:<urlopen error [Errno 11001] getaddrinfo failed>
  jw02731001002_02101_00005_nrcb4_cal.fits      error:<urlopen error [Errno 11001] getaddrinfo failed>
  jw02731001003_02101_00001_nrca1_cal.fits      error:<urlopen error [Errno 11001] getaddrinfo failed>
  jw02731001003_02101_00002_nrca1_cal.fits      error:<urlopen error [Errno 11001] getaddrinfo failed>
  ... and 79 more
