step 2 gauge probe filter=F444W
i2d shape 4178 x 7065, measured scale 0.062908 arcsec/px
match radius 0.3 arcsec = 4.77 i2d px
  7835 stars in the i2d

per (visit x detector) raw frame WCS vs official i2d, in i2d px:
  visit detector   n_match  rate    dx_med    dy_med   |offset|    scatter
  v1   nrcalong    378    94%   -0.0038   +0.0142   0.0608    0.0269
  v1   nrcblong    376    94%   +0.0051   -0.0066   0.0483    0.0225
  v2   nrcalong    394    98%   +0.1210   -0.2049   0.2452    0.0501
  v2   nrcblong    386    96%   +0.1987   -0.2958   0.3612    0.0530
  v3   nrcalong    391    98%   +0.1784   -0.1709   0.2496    0.0612
  v3   nrcblong    387    97%   +0.2078   -0.2085   0.3053    0.0547
  v4   nrcalong    383    96%   +0.3121   -0.3850   0.5023    0.0399
  v4   nrcblong    374    94%   +0.3208   -0.3778   0.5045    0.0497

per-visit summary across the 2 detector(s) (median of medians):
  visit   dx_med   dy_med  |offset|   spread(max-min)  n_det
  v1    +0.0007   +0.0038   0.0038      0.0125        2   (internal 0.0113)
  v2    +0.1599   -0.2504   0.2971      0.1160        2   (internal 0.0598)
  v3    +0.1931   -0.1897   0.2707      0.0557        2   (internal 0.0238)
  v4    +0.3165   -0.3814   0.4956      0.0022        2   (internal 0.0057)

anchor by per-visit median: visit 1 (0.0038 i2d px = 0.00024 arcsec)

visit-to-anchor separation, i.e. the raw inter-visit pointing error this mosaic must absorb:
  v1: 0.0000 i2d px = 0.00000 arcsec   <- anchor
  v2: 0.2999 i2d px = 0.01887 arcsec
  v3: 0.2729 i2d px = 0.01717 arcsec
  v4: 0.4981 i2d px = 0.03134 arcsec
  worst visit: v4 at 0.4981 px raw
